Raw output: D:\Hexaware\UoM clone Cairn\nhs_api_starter\data\raw\directory_of_healthcare_services_v3
Resuming at page 1; 0 records already saved.
Requesting page 1 (up to 1,000 records)...
Saved 1,000; cumulative 1,000; file page_000001.json
Requesting page 2 (up to 1,000 records)...
Saved 1,000; cumulative 2,000; file page_000002.json
Requesting page 3 (up to 1,000 records)...
Saved 1,000; cumulative 3,000; file page_000003.json
Requesting page 4 (up to 1,000 records)...
Saved 1,000; cumulative 4,000; file page_000004.json
Requesting page 5 (up to 1,000 records)...
Saved 1,000; cumulative 5,000; file page_000005.json
Requesting page 6 (up to 1,000 records)...
Saved 1,000; cumulative 6,000; file page_000006.json
Requesting page 7 (up to 1,000 records)...
Saved 1,000; cumulative 7,000; file page_000007.json
Requesting page 8 (up to 1,000 records)...
Saved 1,000; cumulative 8,000; file page_000008.json
Requesting page 9 (up to 1,000 records)...
Saved 1,000; cumulative 9,000; file page_000009.json
Requesting page 10 (up to 1,000 records)...
Saved 1,000; cumulative 10,000; file page_000010.json
Requesting page 11 (up to 1,000 records)...
Saved 1,000; cumulative 11,000; file page_000011.json
Requesting page 12 (up to 1,000 records)...
Saved 1,000; cumulative 12,000; file page_000012.json
Requesting page 13 (up to 1,000 records)...
Saved 1,000; cumulative 13,000; file page_000013.json
Requesting page 14 (up to 1,000 records)...
Saved 1,000; cumulative 14,000; file page_000014.json
Requesting page 15 (up to 1,000 records)...
Saved 1,000; cumulative 15,000; file page_000015.json
Requesting page 16 (up to 1,000 records)...
Saved 1,000; cumulative 16,000; file page_000016.json
Requesting page 17 (up to 1,000 records)...
Saved 1,000; cumulative 17,000; file page_000017.json
Requesting page 18 (up to 1,000 records)...
Saved 1,000; cumulative 18,000; file page_000018.json
Requesting page 19 (up to 1,000 records)...
Saved 1,000; cumulative 19,000; file page_000019.json
Requesting page 20 (up to 1,000 records)...
Saved 1,000; cumulative 20,000; file page_000020.json
Requesting page 21 (up to 1,000 records)...
Saved 1,000; cumulative 21,000; file page_000021.json
Requesting page 22 (up to 1,000 records)...
Saved 1,000; cumulative 22,000; file page_000022.json
Requesting page 23 (up to 1,000 records)...
Saved 1,000; cumulative 23,000; file page_000023.json
Requesting page 24 (up to 1,000 records)...
Saved 1,000; cumulative 24,000; file page_000024.json
Requesting page 25 (up to 1,000 records)...
Saved 1,000; cumulative 25,000; file page_000025.json
Requesting page 26 (up to 1,000 records)...
Saved 1,000; cumulative 26,000; file page_000026.json
Requesting page 27 (up to 1,000 records)...
Saved 1,000; cumulative 27,000; file page_000027.json
Requesting page 28 (up to 1,000 records)...
Saved 1,000; cumulative 28,000; file page_000028.json
Requesting page 29 (up to 1,000 records)...
Saved 1,000; cumulative 29,000; file page_000029.json
Requesting page 30 (up to 1,000 records)...
Saved 1,000; cumulative 30,000; file page_000030.json
Requesting page 31 (up to 1,000 records)...
Saved 1,000; cumulative 31,000; file page_000031.json
Requesting page 32 (up to 1,000 records)...
Saved 1,000; cumulative 32,000; file page_000032.json
Requesting page 33 (up to 1,000 records)...
Saved 1,000; cumulative 33,000; file page_000033.json
Requesting page 34 (up to 1,000 records)...
Saved 1,000; cumulative 34,000; file page_000034.json
Requesting page 35 (up to 1,000 records)...
Saved 1,000; cumulative 35,000; file page_000035.json
Requesting page 36 (up to 1,000 records)...
Saved 1,000; cumulative 36,000; file page_000036.json
Requesting page 37 (up to 1,000 records)...
Saved 1,000; cumulative 37,000; file page_000037.json
Requesting page 38 (up to 1,000 records)...
Saved 1,000; cumulative 38,000; file page_000038.json
Requesting page 39 (up to 1,000 records)...
Saved 1,000; cumulative 39,000; file page_000039.json
Requesting page 40 (up to 1,000 records)...
Saved 1,000; cumulative 40,000; file page_000040.json
Requesting page 41 (up to 1,000 records)...
Saved 1,000; cumulative 41,000; file page_000041.json
Requesting page 42 (up to 1,000 records)...
Saved 1,000; cumulative 42,000; file page_000042.json
Requesting page 43 (up to 1,000 records)...
Saved 1,000; cumulative 43,000; file page_000043.json
Requesting page 44 (up to 1,000 records)...
Saved 1,000; cumulative 44,000; file page_000044.json
Requesting page 45 (up to 1,000 records)...
Saved 1,000; cumulative 45,000; file page_000045.json
Requesting page 46 (up to 1,000 records)...
Saved 1,000; cumulative 46,000; file page_000046.json
Requesting page 47 (up to 1,000 records)...
Saved 1,000; cumulative 47,000; file page_000047.json
Requesting page 48 (up to 1,000 records)...
Saved 1,000; cumulative 48,000; file page_000048.json
Requesting page 49 (up to 1,000 records)...
Saved 1,000; cumulative 49,000; file page_000049.json
Requesting page 50 (up to 1,000 records)...
Saved 1,000; cumulative 50,000; file page_000050.json
Requesting page 51 (up to 1,000 records)...
Saved 1,000; cumulative 51,000; file page_000051.json
Requesting page 52 (up to 1,000 records)...
Saved 1,000; cumulative 52,000; file page_000052.json
Requesting page 53 (up to 1,000 records)...
Saved 1,000; cumulative 53,000; file page_000053.json
Requesting page 54 (up to 1,000 records)...
Saved 1,000; cumulative 54,000; file page_000054.json
Requesting page 55 (up to 1,000 records)...
Saved 1,000; cumulative 55,000; file page_000055.json
Requesting page 56 (up to 1,000 records)...
Saved 1,000; cumulative 56,000; file page_000056.json
Requesting page 57 (up to 1,000 records)...
Saved 1,000; cumulative 57,000; file page_000057.json
Requesting page 58 (up to 1,000 records)...
Saved 1,000; cumulative 58,000; file page_000058.json
Requesting page 59 (up to 1,000 records)...
Saved 1,000; cumulative 59,000; file page_000059.json
Requesting page 60 (up to 1,000 records)...
Saved 1,000; cumulative 60,000; file page_000060.json
Requesting page 61 (up to 1,000 records)...
Saved 1,000; cumulative 61,000; file page_000061.json
Requesting page 62 (up to 1,000 records)...
Saved 1,000; cumulative 62,000; file page_000062.json
Requesting page 63 (up to 1,000 records)...
Saved 1,000; cumulative 63,000; file page_000063.json
Requesting page 64 (up to 1,000 records)...
Saved 1,000; cumulative 64,000; file page_000064.json
Requesting page 65 (up to 1,000 records)...
Saved 1,000; cumulative 65,000; file page_000065.json
Requesting page 66 (up to 1,000 records)...
Saved 1,000; cumulative 66,000; file page_000066.json
Requesting page 67 (up to 1,000 records)...
Saved 1,000; cumulative 67,000; file page_000067.json
Requesting page 68 (up to 1,000 records)...
Saved 1,000; cumulative 68,000; file page_000068.json
Requesting page 69 (up to 1,000 records)...
Saved 1,000; cumulative 69,000; file page_000069.json
Requesting page 70 (up to 1,000 records)...
Saved 1,000; cumulative 70,000; file page_000070.json
Requesting page 71 (up to 1,000 records)...
Saved 1,000; cumulative 71,000; file page_000071.json
Requesting page 72 (up to 1,000 records)...
Saved 1,000; cumulative 72,000; file page_000072.json
Requesting page 73 (up to 1,000 records)...
Saved 1,000; cumulative 73,000; file page_000073.json
Requesting page 74 (up to 1,000 records)...
Saved 1,000; cumulative 74,000; file page_000074.json
Requesting page 75 (up to 1,000 records)...
Saved 1,000; cumulative 75,000; file page_000075.json
Requesting page 76 (up to 1,000 records)...
Saved 1,000; cumulative 76,000; file page_000076.json
Requesting page 77 (up to 1,000 records)...
Saved 1,000; cumulative 77,000; file page_000077.json
Requesting page 78 (up to 1,000 records)...
Saved 1,000; cumulative 78,000; file page_000078.json
Requesting page 79 (up to 1,000 records)...
Saved 1,000; cumulative 79,000; file page_000079.json
Requesting page 80 (up to 1,000 records)...
Saved 1,000; cumulative 80,000; file page_000080.json
Requesting page 81 (up to 1,000 records)...
Saved 1,000; cumulative 81,000; file page_000081.json
Requesting page 82 (up to 1,000 records)...
Saved 1,000; cumulative 82,000; file page_000082.json
Requesting page 83 (up to 1,000 records)...
Saved 1,000; cumulative 83,000; file page_000083.json
Requesting page 84 (up to 1,000 records)...
Saved 1,000; cumulative 84,000; file page_000084.json
Requesting page 85 (up to 1,000 records)...
Saved 1,000; cumulative 85,000; file page_000085.json
Requesting page 86 (up to 1,000 records)...
Saved 1,000; cumulative 86,000; file page_000086.json
Requesting page 87 (up to 1,000 records)...
Saved 1,000; cumulative 87,000; file page_000087.json
Requesting page 88 (up to 1,000 records)...
Saved 1,000; cumulative 88,000; file page_000088.json
Requesting page 89 (up to 1,000 records)...
Saved 1,000; cumulative 89,000; file page_000089.json
Requesting page 90 (up to 1,000 records)...
Saved 1,000; cumulative 90,000; file page_000090.json
Requesting page 91 (up to 1,000 records)...
Saved 1,000; cumulative 91,000; file page_000091.json
Requesting page 92 (up to 1,000 records)...
Saved 1,000; cumulative 92,000; file page_000092.json
Requesting page 93 (up to 1,000 records)...
Saved 1,000; cumulative 93,000; file page_000093.json
Requesting page 94 (up to 1,000 records)...
Saved 1,000; cumulative 94,000; file page_000094.json
Requesting page 95 (up to 1,000 records)...
Saved 1,000; cumulative 95,000; file page_000095.json
Requesting page 96 (up to 1,000 records)...
Saved 1,000; cumulative 96,000; file page_000096.json
Requesting page 97 (up to 1,000 records)...
Saved 1,000; cumulative 97,000; file page_000097.json
Requesting page 98 (up to 1,000 records)...
Saved 1,000; cumulative 98,000; file page_000098.json
Requesting page 99 (up to 1,000 records)...
Saved 1,000; cumulative 99,000; file page_000099.json
Requesting page 100 (up to 1,000 records)...
Saved 1,000; cumulative 100,000; file page_000100.json
Requesting page 101 (up to 1,000 records)...
Saved 1,000; cumulative 101,000; file page_000101.json
Requesting page 102 (up to 1,000 records)...
Saved 1,000; cumulative 102,000; file page_000102.json
Requesting page 103 (up to 1,000 records)...
Saved 1,000; cumulative 103,000; file page_000103.json
Requesting page 104 (up to 1,000 records)...
Saved 1,000; cumulative 104,000; file page_000104.json
Requesting page 105 (up to 1,000 records)...
Saved 1,000; cumulative 105,000; file page_000105.json
Requesting page 106 (up to 1,000 records)...
Saved 1,000; cumulative 106,000; file page_000106.json
Requesting page 107 (up to 1,000 records)...
Saved 1,000; cumulative 107,000; file page_000107.json
Requesting page 108 (up to 1,000 records)...
Saved 1,000; cumulative 108,000; file page_000108.json
Requesting page 109 (up to 1,000 records)...
Saved 1,000; cumulative 109,000; file page_000109.json
Requesting page 110 (up to 1,000 records)...
Saved 1,000; cumulative 110,000; file page_000110.json
Requesting page 111 (up to 1,000 records)...
Saved 1,000; cumulative 111,000; file page_000111.json
Requesting page 112 (up to 1,000 records)...
Saved 1,000; cumulative 112,000; file page_000112.json
Requesting page 113 (up to 1,000 records)...
Saved 1,000; cumulative 113,000; file page_000113.json
Requesting page 114 (up to 1,000 records)...
Saved 1,000; cumulative 114,000; file page_000114.json
Requesting page 115 (up to 1,000 records)...
Saved 1,000; cumulative 115,000; file page_000115.json
Requesting page 116 (up to 1,000 records)...
Saved 1,000; cumulative 116,000; file page_000116.json
Requesting page 117 (up to 1,000 records)...
Saved 1,000; cumulative 117,000; file page_000117.json
Requesting page 118 (up to 1,000 records)...
Saved 1,000; cumulative 118,000; file page_000118.json
Requesting page 119 (up to 1,000 records)...
Saved 1,000; cumulative 119,000; file page_000119.json
Requesting page 120 (up to 1,000 records)...
Saved 1,000; cumulative 120,000; file page_000120.json
Requesting page 121 (up to 1,000 records)...
Saved 1,000; cumulative 121,000; file page_000121.json
Requesting page 122 (up to 1,000 records)...
Saved 1,000; cumulative 122,000; file page_000122.json
Requesting page 123 (up to 1,000 records)...
Saved 1,000; cumulative 123,000; file page_000123.json
Requesting page 124 (up to 1,000 records)...
Saved 1,000; cumulative 124,000; file page_000124.json
Requesting page 125 (up to 1,000 records)...
Saved 1,000; cumulative 125,000; file page_000125.json
Requesting page 126 (up to 1,000 records)...
Saved 1,000; cumulative 126,000; file page_000126.json
Requesting page 127 (up to 1,000 records)...
Saved 28; cumulative 126,028; file page_000127.json
DoHS raw export complete: 126,028 records across 127 pages.
